test/Spec/InstanceTypeclass/InstanceTypeclass.hs:4:1: Foo
test/Spec/InstanceTypeclass/InstanceTypeclass.hs:10:1: (Instance) :: Foo Char
