test/Spec/TypesUnused/TypesUnused.hs:6:1: Modulo1
test/Spec/TypesUnused/TypesUnused.hs:8:1: Number
test/Spec/TypesUnused/TypesUnused.hs:10:1: Vector
test/Spec/TypesUnused/TypesUnused.hs:12:1: Family
